// Jest Snapshot v1, https://goo.gl/fbAQLP

exports[`Button should render the button 1`] = `
<button
  class="flex items-center transition-all, duration-200 gap-3 whitespace-nowrap bg-transparent w-full justify-start"
/>
`;
